POLYC_GATE=push
SUBJECT=655b7bdc9cc7
rm -rf ./build ./hcc
cmake -S ./src \
		-B ./build \
		-G 'Unix Makefiles' \
		-DCMAKE_C_COMPILER=gcc \
		-DCMAKE_BUILD_TYPE=Release \
		-DCMAKE_INSTALL_PREFIX=/private/var/folders/0g/mpt_55f524ndzxymkp20wjfc0000gn/T/clinemm-sandbox-temp-NfcUFs/polyc-gate.nUr2n4/build/gate-prefix \
		-DCMAKE_C_FLAGS='-Wextra -Wall -Wpedantic' \
		-DCMAKE_EXPORT_COMPILE_COMMANDS=on \
		-DHCC_ENABLE_JIT=on \
		-DHCC_ENABLE_LLVM=ON \
		&& /Library/Developer/CommandLineTools/usr/bin/make -C ./build -j2
-- The C compiler identification is AppleClang 15.0.0.15000040
-- The CXX compiler identification is AppleClang 15.0.0.15000040
-- Detecting C compiler ABI info
-- Detecting C compiler ABI info - done
-- Check for working C compiler: /usr/bin/gcc - skipped
-- Detecting C compile features
-- Detecting C compile features - done
-- Detecting CXX compiler ABI info
-- Detecting CXX compiler ABI info - done
-- Check for working CXX compiler: /usr/bin/c++ - skipped
-- Detecting CXX compile features
-- Detecting CXX compile features - done
-- Performing Test CMAKE_HAVE_LIBC_PTHREAD
-- Performing Test CMAKE_HAVE_LIBC_PTHREAD - Success
-- Found Threads: TRUE
-- LLVM 22 C-API: /run/current-system/sw/bin/llvm-config (22.1.8)
-- Configuring done (0.7s)
-- Generating done (0.0s)
-- Build files have been written to: /private/var/folders/0g/mpt_55f524ndzxymkp20wjfc0000gn/T/clinemm-sandbox-temp-NfcUFs/polyc-gate.nUr2n4/build
[  3%] Building C object asm/CMakeFiles/tasm.dir/asm_enc.c.o
[  3%] Building C object asm/CMakeFiles/tasm.dir/asm.c.o
[  5%] Building C object asm/CMakeFiles/tasm.dir/asm_jit.c.o
[  7%] Building C object asm/CMakeFiles/tasm.dir/dis_arm64.c.o
[  9%] Building C object asm/CMakeFiles/tasm.dir/dis_x86_64.c.o
[ 11%] Building C object asm/CMakeFiles/tasm.dir/enc_arm64.c.o
[ 13%] Building C object asm/CMakeFiles/tasm.dir/enc_x86_64.c.o
[ 15%] Building C object asm/CMakeFiles/tasm.dir/target.c.o
[ 17%] Building C object asm/CMakeFiles/tasm.dir/tasm_debug.c.o
[ 19%] Building C object asm/CMakeFiles/tasm.dir/tasm_util.c.o
[ 21%] Linking C static library libtasm.a
ar: error: couldn't create cache file '/var/folders/0g/mpt_55f524ndzxymkp20wjfc0000gn/T/xcrun_db-YLXBpM9Z' (errno=Operation not permitted)
ranlib: error: couldn't create cache file '/var/folders/0g/mpt_55f524ndzxymkp20wjfc0000gn/T/xcrun_db-EBe9JBG7' (errno=Operation not permitted)
[ 21%] Built target tasm
[ 23%] Building C object CMakeFiles/hcc.dir/asm.c.o
[ 25%] Building C object CMakeFiles/hcc.dir/aostr.c.o
[ 27%] Building C object CMakeFiles/hcc.dir/arena.c.o
[ 29%] Building C object CMakeFiles/hcc.dir/ast.c.o
[ 31%] Building C object CMakeFiles/hcc.dir/cctrl.c.o
[ 33%] Building C object CMakeFiles/hcc.dir/cfg-print.c.o
[ 35%] Building C object CMakeFiles/hcc.dir/cfg.c.o
[ 37%] Building C object CMakeFiles/hcc.dir/cli.c.o
[ 39%] Building C object CMakeFiles/hcc.dir/containers.c.o
[ 41%] Building C object CMakeFiles/hcc.dir/compile.c.o
[ 43%] Building C object CMakeFiles/hcc.dir/aarch64.c.o
[ 45%] Building C object CMakeFiles/hcc.dir/ir.c.o
/private/var/folders/0g/mpt_55f524ndzxymkp20wjfc0000gn/T/clinemm-sandbox-temp-NfcUFs/polyc-gate.nUr2n4/src/ir.c:3350:21: warning: incompatible integer to pointer conversion passing 'int' to parameter of type 'VecType *' (aka 'struct VecType *') [-Wint-conversion]
    Vec *v = vecNew(n);
                    ^
/private/var/folders/0g/mpt_55f524ndzxymkp20wjfc0000gn/T/clinemm-sandbox-temp-NfcUFs/polyc-gate.nUr2n4/src/containers.h:44:22: note: passing argument to parameter 'type' here
Vec *vecNew(VecType *type);
                     ^
[ 47%] Building C object CMakeFiles/hcc.dir/ir-debug.c.o
1 warning generated.
[ 49%] Building C object CMakeFiles/hcc.dir/ir-eval.c.o
[ 50%] Building C object CMakeFiles/hcc.dir/ir-optimise.c.o
[ 52%] Building C object CMakeFiles/hcc.dir/ir-regalloc.c.o
[ 54%] Building C object CMakeFiles/hcc.dir/ir-types.c.o
[ 56%] Building C object CMakeFiles/hcc.dir/json.c.o
[ 58%] Building C object CMakeFiles/hcc.dir/lexer.c.o
[ 60%] Building C object CMakeFiles/hcc.dir/list.c.o
[ 62%] Building C object CMakeFiles/hcc.dir/lsp.c.o
[ 64%] Building C object CMakeFiles/hcc.dir/main.c.o
/private/var/folders/0g/mpt_55f524ndzxymkp20wjfc0000gn/T/clinemm-sandbox-temp-NfcUFs/polyc-gate.nUr2n4/src/main.c:585:9: warning: use of out-of-scope declaration of 'llValidateCapabilityContract' [-Wout-of-scope-function]
        llValidateCapabilityContract();
        ^
/private/var/folders/0g/mpt_55f524ndzxymkp20wjfc0000gn/T/clinemm-sandbox-temp-NfcUFs/polyc-gate.nUr2n4/src/llvm-backend-cap.h:57:6: note: previous declaration is here
void llValidateCapabilityContract(void);
     ^
1 warning generated.
[ 66%] Building C object CMakeFiles/hcc.dir/memory.c.o
[ 68%] Building C object CMakeFiles/hcc.dir/mempool.c.o
[ 70%] Building C object CMakeFiles/hcc.dir/parser.c.o
[ 72%] Building C object CMakeFiles/hcc.dir/prsasm.c.o
[ 74%] Building C object CMakeFiles/hcc.dir/prslib.c.o
[ 76%] Building C object CMakeFiles/hcc.dir/prsutil.c.o
[ 78%] Building C object CMakeFiles/hcc.dir/transpiler.c.o
[ 80%] Building C object CMakeFiles/hcc.dir/x86.c.o
[ 82%] Building C object CMakeFiles/hcc.dir/x86_64.c.o
[ 84%] Building C object CMakeFiles/hcc.dir/jit-common.c.o
[ 86%] Building C object CMakeFiles/hcc.dir/aarch64-jit.c.o
[ 88%] Building C object CMakeFiles/hcc.dir/x86_64-jit.c.o
[ 90%] Building C object CMakeFiles/hcc.dir/repl.c.o
[ 92%] Building C object CMakeFiles/hcc.dir/memsafe.c.o
[ 94%] Building C object CMakeFiles/hcc.dir/linenoise/linenoise.c.o
[ 96%] Building C object CMakeFiles/hcc.dir/llvm-backend.c.o
/private/var/folders/0g/mpt_55f524ndzxymkp20wjfc0000gn/T/clinemm-sandbox-temp-NfcUFs/polyc-gate.nUr2n4/src/llvm-backend.c:1700:17: warning: unused variable 'i64' [-Wunused-variable]
    LLVMTypeRef i64 = llType(lc, IR_TYPE_I64);
                ^
/private/var/folders/0g/mpt_55f524ndzxymkp20wjfc0000gn/T/clinemm-sandbox-temp-NfcUFs/polyc-gate.nUr2n4/src/llvm-backend.c:3988:9: warning: variable 'bidx' set but not used [-Wunused-but-set-variable]
    int bidx = 0;
        ^
/private/var/folders/0g/mpt_55f524ndzxymkp20wjfc0000gn/T/clinemm-sandbox-temp-NfcUFs/polyc-gate.nUr2n4/src/llvm-backend.c:789:12: warning: unused function 'irInstrListLen' [-Wunused-function]
static int irInstrListLen(List *l) {
           ^
[ 98%] Building C object CMakeFiles/hcc.dir/llvm-backend-cap.c.o
3 warnings generated.
[100%] Linking C executable /private/var/folders/0g/mpt_55f524ndzxymkp20wjfc0000gn/T/clinemm-sandbox-temp-NfcUFs/polyc-gate.nUr2n4/hcc
[100%] Built target hcc
CHECK=build STATUS=PASS
cmake -S ./src \
		-B ./build/test-prefix-install-build \
		-G 'Unix Makefiles' \
		-DCMAKE_C_COMPILER=gcc \
		-DCMAKE_BUILD_TYPE=Release \
		-DCMAKE_INSTALL_PREFIX=/private/var/folders/0g/mpt_55f524ndzxymkp20wjfc0000gn/T/clinemm-sandbox-temp-NfcUFs/polyc-gate.nUr2n4/build/gate-prefix \
		-DCMAKE_C_FLAGS='-Wextra -Wall -Wpedantic' \
		-DHCC_ENABLE_JIT=on \
		-DHCC_ENABLE_LLVM=ON
-- The C compiler identification is AppleClang 15.0.0.15000040
-- The CXX compiler identification is AppleClang 15.0.0.15000040
-- Detecting C compiler ABI info
-- Detecting C compiler ABI info - done
-- Check for working C compiler: /usr/bin/gcc - skipped
-- Detecting C compile features
-- Detecting C compile features - done
-- Detecting CXX compiler ABI info
-- Detecting CXX compiler ABI info - done
-- Check for working CXX compiler: /usr/bin/c++ - skipped
-- Detecting CXX compile features
-- Detecting CXX compile features - done
-- Performing Test CMAKE_HAVE_LIBC_PTHREAD
-- Performing Test CMAKE_HAVE_LIBC_PTHREAD - Success
-- Found Threads: TRUE
-- LLVM 22 C-API: /run/current-system/sw/bin/llvm-config (22.1.8)
-- Configuring done (0.7s)
-- Generating done (0.0s)
-- Build files have been written to: /private/var/folders/0g/mpt_55f524ndzxymkp20wjfc0000gn/T/clinemm-sandbox-temp-NfcUFs/polyc-gate.nUr2n4/build/test-prefix-install-build
/Library/Developer/CommandLineTools/usr/bin/make -C ./build/test-prefix-install-build install
[  1%] Building C object asm/CMakeFiles/tasm.dir/asm.c.o
[  3%] Building C object asm/CMakeFiles/tasm.dir/asm_enc.c.o
[  5%] Building C object asm/CMakeFiles/tasm.dir/asm_jit.c.o
[  7%] Building C object asm/CMakeFiles/tasm.dir/dis_arm64.c.o
[  9%] Building C object asm/CMakeFiles/tasm.dir/dis_x86_64.c.o
[ 11%] Building C object asm/CMakeFiles/tasm.dir/enc_arm64.c.o
[ 13%] Building C object asm/CMakeFiles/tasm.dir/enc_x86_64.c.o
[ 15%] Building C object asm/CMakeFiles/tasm.dir/target.c.o
[ 17%] Building C object asm/CMakeFiles/tasm.dir/tasm_debug.c.o
[ 19%] Building C object asm/CMakeFiles/tasm.dir/tasm_util.c.o
[ 21%] Linking C static library libtasm.a
ar: error: couldn't create cache file '/var/folders/0g/mpt_55f524ndzxymkp20wjfc0000gn/T/xcrun_db-vvsBEfSx' (errno=Operation not permitted)
ranlib: error: couldn't create cache file '/var/folders/0g/mpt_55f524ndzxymkp20wjfc0000gn/T/xcrun_db-mGrId7sv' (errno=Operation not permitted)
[ 21%] Built target tasm
[ 23%] Building C object CMakeFiles/hcc.dir/asm.c.o
[ 25%] Building C object CMakeFiles/hcc.dir/aostr.c.o
[ 27%] Building C object CMakeFiles/hcc.dir/arena.c.o
[ 29%] Building C object CMakeFiles/hcc.dir/ast.c.o
[ 31%] Building C object CMakeFiles/hcc.dir/cctrl.c.o
[ 33%] Building C object CMakeFiles/hcc.dir/cfg-print.c.o
[ 35%] Building C object CMakeFiles/hcc.dir/cfg.c.o
[ 37%] Building C object CMakeFiles/hcc.dir/cli.c.o
[ 39%] Building C object CMakeFiles/hcc.dir/containers.c.o
[ 41%] Building C object CMakeFiles/hcc.dir/compile.c.o
[ 43%] Building C object CMakeFiles/hcc.dir/aarch64.c.o
[ 45%] Building C object CMakeFiles/hcc.dir/ir.c.o
/private/var/folders/0g/mpt_55f524ndzxymkp20wjfc0000gn/T/clinemm-sandbox-temp-NfcUFs/polyc-gate.nUr2n4/src/ir.c:3350:21: warning: incompatible integer to pointer conversion passing 'int' to parameter of type 'VecType *' (aka 'struct VecType *') [-Wint-conversion]
    Vec *v = vecNew(n);
                    ^
/private/var/folders/0g/mpt_55f524ndzxymkp20wjfc0000gn/T/clinemm-sandbox-temp-NfcUFs/polyc-gate.nUr2n4/src/containers.h:44:22: note: passing argument to parameter 'type' here
Vec *vecNew(VecType *type);
                     ^
1 warning generated.
[ 47%] Building C object CMakeFiles/hcc.dir/ir-debug.c.o
[ 49%] Building C object CMakeFiles/hcc.dir/ir-eval.c.o
[ 50%] Building C object CMakeFiles/hcc.dir/ir-optimise.c.o
[ 52%] Building C object CMakeFiles/hcc.dir/ir-regalloc.c.o
[ 54%] Building C object CMakeFiles/hcc.dir/ir-types.c.o
[ 56%] Building C object CMakeFiles/hcc.dir/json.c.o
[ 58%] Building C object CMakeFiles/hcc.dir/lexer.c.o
[ 60%] Building C object CMakeFiles/hcc.dir/list.c.o
[ 62%] Building C object CMakeFiles/hcc.dir/lsp.c.o
[ 64%] Building C object CMakeFiles/hcc.dir/main.c.o
/private/var/folders/0g/mpt_55f524ndzxymkp20wjfc0000gn/T/clinemm-sandbox-temp-NfcUFs/polyc-gate.nUr2n4/src/main.c:585:9: warning: use of out-of-scope declaration of 'llValidateCapabilityContract' [-Wout-of-scope-function]
        llValidateCapabilityContract();
        ^
/private/var/folders/0g/mpt_55f524ndzxymkp20wjfc0000gn/T/clinemm-sandbox-temp-NfcUFs/polyc-gate.nUr2n4/src/llvm-backend-cap.h:57:6: note: previous declaration is here
void llValidateCapabilityContract(void);
     ^
1 warning generated.
[ 66%] Building C object CMakeFiles/hcc.dir/memory.c.o
[ 68%] Building C object CMakeFiles/hcc.dir/mempool.c.o
[ 70%] Building C object CMakeFiles/hcc.dir/parser.c.o
[ 72%] Building C object CMakeFiles/hcc.dir/prsasm.c.o
[ 74%] Building C object CMakeFiles/hcc.dir/prslib.c.o
[ 76%] Building C object CMakeFiles/hcc.dir/prsutil.c.o
[ 78%] Building C object CMakeFiles/hcc.dir/transpiler.c.o
[ 80%] Building C object CMakeFiles/hcc.dir/x86.c.o
[ 82%] Building C object CMakeFiles/hcc.dir/x86_64.c.o
[ 84%] Building C object CMakeFiles/hcc.dir/jit-common.c.o
[ 86%] Building C object CMakeFiles/hcc.dir/aarch64-jit.c.o
[ 88%] Building C object CMakeFiles/hcc.dir/x86_64-jit.c.o
[ 90%] Building C object CMakeFiles/hcc.dir/repl.c.o
[ 92%] Building C object CMakeFiles/hcc.dir/memsafe.c.o
[ 94%] Building C object CMakeFiles/hcc.dir/linenoise/linenoise.c.o
[ 96%] Building C object CMakeFiles/hcc.dir/llvm-backend.c.o
/private/var/folders/0g/mpt_55f524ndzxymkp20wjfc0000gn/T/clinemm-sandbox-temp-NfcUFs/polyc-gate.nUr2n4/src/llvm-backend.c:1700:17: warning: unused variable 'i64' [-Wunused-variable]
    LLVMTypeRef i64 = llType(lc, IR_TYPE_I64);
                ^
/private/var/folders/0g/mpt_55f524ndzxymkp20wjfc0000gn/T/clinemm-sandbox-temp-NfcUFs/polyc-gate.nUr2n4/src/llvm-backend.c:3988:9: warning: variable 'bidx' set but not used [-Wunused-but-set-variable]
    int bidx = 0;
        ^
/private/var/folders/0g/mpt_55f524ndzxymkp20wjfc0000gn/T/clinemm-sandbox-temp-NfcUFs/polyc-gate.nUr2n4/src/llvm-backend.c:789:12: warning: unused function 'irInstrListLen' [-Wunused-function]
static int irInstrListLen(List *l) {
           ^
3 warnings generated.
[ 98%] Building C object CMakeFiles/hcc.dir/llvm-backend-cap.c.o
[100%] Linking C executable /private/var/folders/0g/mpt_55f524ndzxymkp20wjfc0000gn/T/clinemm-sandbox-temp-NfcUFs/polyc-gate.nUr2n4/build/hcc
[100%] Built target hcc
Install the project...
-- Install configuration: "Release"
-- Installing: /private/var/folders/0g/mpt_55f524ndzxymkp20wjfc0000gn/T/clinemm-sandbox-temp-NfcUFs/polyc-gate.nUr2n4/build/gate-prefix/bin/hcc
-- Installing: /private/var/folders/0g/mpt_55f524ndzxymkp20wjfc0000gn/T/clinemm-sandbox-temp-NfcUFs/polyc-gate.nUr2n4/build/gate-prefix/include/tos.HH
clang: warning: argument unused during compilation: '-shared' [-Wunused-command-line-argument]
cc -shared -fPIC -c /tmp/holyc-asm.s -o ./all.o
ar: error: couldn't create cache file '/var/folders/0g/mpt_55f524ndzxymkp20wjfc0000gn/T/xcrun_db-tSIHlLIh' (errno=Operation not permitted)
ar rcs libtos.a all.o
ld: Undefined symbols:
  _Errno, referenced from:
      _MALLOC in all.o
      _MALLOC in all.o
      _MALLOC in all.o
      _MALLOC in all.o
clang: error: linker command failed with exit code 1 (use -v to see invocation)
cc -dynamiclib -Wl,-install_name,/private/var/folders/0g/mpt_55f524ndzxymkp20wjfc0000gn/T/clinemm-sandbox-temp-NfcUFs/polyc-gate.nUr2n4/build/gate-prefix/lib/libtos.0.0.1.dylib all.o -o libtos.dylib -lpthread -lc -lm 
[0;31mERROR: [0mFailed to execute command: 'cc -dynamiclib -Wl,-install_name,/private/var/folders/0g/mpt_55f524ndzxymkp20wjfc0000gn/T/clinemm-sandbox-temp-NfcUFs/polyc-gate.nUr2n4/build/gate-prefix/lib/libtos.0.0.1.dylib all.o -o libtos.dylib -lpthread -lc -lm '
CMake Warning at cmake_install.cmake:91 (message):
  hcc -lib exited with code 1; this is expected when all.o references _Errno.
  Continuing.


ar: error: couldn't create cache file '/var/folders/0g/mpt_55f524ndzxymkp20wjfc0000gn/T/xcrun_db-uytmvWcs' (errno=Operation not permitted)
ranlib: error: couldn't create cache file '/var/folders/0g/mpt_55f524ndzxymkp20wjfc0000gn/T/xcrun_db-OdyIRv2B' (errno=Operation not permitted)
-- Installing: /private/var/folders/0g/mpt_55f524ndzxymkp20wjfc0000gn/T/clinemm-sandbox-temp-NfcUFs/polyc-gate.nUr2n4/build/gate-prefix/lib/libtos.a
-- Installing: /private/var/folders/0g/mpt_55f524ndzxymkp20wjfc0000gn/T/clinemm-sandbox-temp-NfcUFs/polyc-gate.nUr2n4/build/gate-prefix/lib/libtos.0.0.1.dylib
CHECK=install STATUS=PASS
cmake -S ./src \
		-B ./build/test-prefix-install-build \
		-G 'Unix Makefiles' \
		-DCMAKE_C_COMPILER=gcc \
		-DCMAKE_BUILD_TYPE=Release \
		-DCMAKE_INSTALL_PREFIX=/private/var/folders/0g/mpt_55f524ndzxymkp20wjfc0000gn/T/clinemm-sandbox-temp-NfcUFs/polyc-gate.nUr2n4/build/gate-prefix \
		-DCMAKE_C_FLAGS='-Wextra -Wall -Wpedantic' \
		-DHCC_ENABLE_JIT=on \
		-DHCC_ENABLE_LLVM=ON
-- The C compiler identification is AppleClang 15.0.0.15000040
-- The CXX compiler identification is AppleClang 15.0.0.15000040
-- Detecting C compiler ABI info
-- Detecting C compiler ABI info - done
-- Check for working C compiler: /usr/bin/gcc - skipped
-- Detecting C compile features
-- Detecting C compile features - done
-- Detecting CXX compiler ABI info
-- Detecting CXX compiler ABI info - done
-- Check for working CXX compiler: /usr/bin/c++ - skipped
-- Detecting CXX compile features
-- Detecting CXX compile features - done
-- Performing Test CMAKE_HAVE_LIBC_PTHREAD
-- Performing Test CMAKE_HAVE_LIBC_PTHREAD - Success
-- Found Threads: TRUE
-- LLVM 22 C-API: /run/current-system/sw/bin/llvm-config (22.1.8)
-- Configuring done (0.7s)
-- Generating done (0.0s)
-- Build files have been written to: /private/var/folders/0g/mpt_55f524ndzxymkp20wjfc0000gn/T/clinemm-sandbox-temp-NfcUFs/polyc-gate.nUr2n4/build/test-prefix-install-build
/Library/Developer/CommandLineTools/usr/bin/make -C ./build/test-prefix-install-build install
[  1%] Building C object asm/CMakeFiles/tasm.dir/asm.c.o
[  3%] Building C object asm/CMakeFiles/tasm.dir/asm_enc.c.o
[  5%] Building C object asm/CMakeFiles/tasm.dir/asm_jit.c.o
[  7%] Building C object asm/CMakeFiles/tasm.dir/dis_arm64.c.o
[  9%] Building C object asm/CMakeFiles/tasm.dir/dis_x86_64.c.o
[ 11%] Building C object asm/CMakeFiles/tasm.dir/enc_arm64.c.o
[ 13%] Building C object asm/CMakeFiles/tasm.dir/enc_x86_64.c.o
[ 15%] Building C object asm/CMakeFiles/tasm.dir/target.c.o
[ 17%] Building C object asm/CMakeFiles/tasm.dir/tasm_debug.c.o
[ 19%] Building C object asm/CMakeFiles/tasm.dir/tasm_util.c.o
[ 21%] Linking C static library libtasm.a
ar: error: couldn't create cache file '/var/folders/0g/mpt_55f524ndzxymkp20wjfc0000gn/T/xcrun_db-DWUqlFbB' (errno=Operation not permitted)
ranlib: error: couldn't create cache file '/var/folders/0g/mpt_55f524ndzxymkp20wjfc0000gn/T/xcrun_db-Z2aLZG3k' (errno=Operation not permitted)
[ 21%] Built target tasm
[ 23%] Building C object CMakeFiles/hcc.dir/asm.c.o
[ 25%] Building C object CMakeFiles/hcc.dir/aostr.c.o
[ 27%] Building C object CMakeFiles/hcc.dir/arena.c.o
[ 29%] Building C object CMakeFiles/hcc.dir/ast.c.o
[ 31%] Building C object CMakeFiles/hcc.dir/cctrl.c.o
[ 33%] Building C object CMakeFiles/hcc.dir/cfg-print.c.o
[ 35%] Building C object CMakeFiles/hcc.dir/cfg.c.o
[ 37%] Building C object CMakeFiles/hcc.dir/cli.c.o
[ 39%] Building C object CMakeFiles/hcc.dir/containers.c.o
[ 41%] Building C object CMakeFiles/hcc.dir/compile.c.o
[ 43%] Building C object CMakeFiles/hcc.dir/aarch64.c.o
[ 45%] Building C object CMakeFiles/hcc.dir/ir.c.o
/private/var/folders/0g/mpt_55f524ndzxymkp20wjfc0000gn/T/clinemm-sandbox-temp-NfcUFs/polyc-gate.nUr2n4/src/ir.c:3350:21: warning: incompatible integer to pointer conversion passing 'int' to parameter of type 'VecType *' (aka 'struct VecType *') [-Wint-conversion]
    Vec *v = vecNew(n);
                    ^
/private/var/folders/0g/mpt_55f524ndzxymkp20wjfc0000gn/T/clinemm-sandbox-temp-NfcUFs/polyc-gate.nUr2n4/src/containers.h:44:22: note: passing argument to parameter 'type' here
Vec *vecNew(VecType *type);
                     ^
1 warning generated.
[ 47%] Building C object CMakeFiles/hcc.dir/ir-debug.c.o
[ 49%] Building C object CMakeFiles/hcc.dir/ir-eval.c.o
[ 50%] Building C object CMakeFiles/hcc.dir/ir-optimise.c.o
[ 52%] Building C object CMakeFiles/hcc.dir/ir-regalloc.c.o
[ 54%] Building C object CMakeFiles/hcc.dir/ir-types.c.o
[ 56%] Building C object CMakeFiles/hcc.dir/json.c.o
[ 58%] Building C object CMakeFiles/hcc.dir/lexer.c.o
[ 60%] Building C object CMakeFiles/hcc.dir/list.c.o
[ 62%] Building C object CMakeFiles/hcc.dir/lsp.c.o
[ 64%] Building C object CMakeFiles/hcc.dir/main.c.o
/private/var/folders/0g/mpt_55f524ndzxymkp20wjfc0000gn/T/clinemm-sandbox-temp-NfcUFs/polyc-gate.nUr2n4/src/main.c:585:9: warning: use of out-of-scope declaration of 'llValidateCapabilityContract' [-Wout-of-scope-function]
        llValidateCapabilityContract();
        ^
/private/var/folders/0g/mpt_55f524ndzxymkp20wjfc0000gn/T/clinemm-sandbox-temp-NfcUFs/polyc-gate.nUr2n4/src/llvm-backend-cap.h:57:6: note: previous declaration is here
void llValidateCapabilityContract(void);
     ^
1 warning generated.
[ 66%] Building C object CMakeFiles/hcc.dir/memory.c.o
[ 68%] Building C object CMakeFiles/hcc.dir/mempool.c.o
[ 70%] Building C object CMakeFiles/hcc.dir/parser.c.o
[ 72%] Building C object CMakeFiles/hcc.dir/prsasm.c.o
[ 74%] Building C object CMakeFiles/hcc.dir/prslib.c.o
[ 76%] Building C object CMakeFiles/hcc.dir/prsutil.c.o
[ 78%] Building C object CMakeFiles/hcc.dir/transpiler.c.o
[ 80%] Building C object CMakeFiles/hcc.dir/x86.c.o
[ 82%] Building C object CMakeFiles/hcc.dir/x86_64.c.o
[ 84%] Building C object CMakeFiles/hcc.dir/jit-common.c.o
[ 86%] Building C object CMakeFiles/hcc.dir/aarch64-jit.c.o
[ 88%] Building C object CMakeFiles/hcc.dir/x86_64-jit.c.o
[ 90%] Building C object CMakeFiles/hcc.dir/repl.c.o
[ 92%] Building C object CMakeFiles/hcc.dir/memsafe.c.o
[ 94%] Building C object CMakeFiles/hcc.dir/linenoise/linenoise.c.o
[ 96%] Building C object CMakeFiles/hcc.dir/llvm-backend.c.o
/private/var/folders/0g/mpt_55f524ndzxymkp20wjfc0000gn/T/clinemm-sandbox-temp-NfcUFs/polyc-gate.nUr2n4/src/llvm-backend.c:1700:17: warning: unused variable 'i64' [-Wunused-variable]
    LLVMTypeRef i64 = llType(lc, IR_TYPE_I64);
                ^
/private/var/folders/0g/mpt_55f524ndzxymkp20wjfc0000gn/T/clinemm-sandbox-temp-NfcUFs/polyc-gate.nUr2n4/src/llvm-backend.c:3988:9: warning: variable 'bidx' set but not used [-Wunused-but-set-variable]
    int bidx = 0;
        ^
/private/var/folders/0g/mpt_55f524ndzxymkp20wjfc0000gn/T/clinemm-sandbox-temp-NfcUFs/polyc-gate.nUr2n4/src/llvm-backend.c:789:12: warning: unused function 'irInstrListLen' [-Wunused-function]
static int irInstrListLen(List *l) {
           ^
3 warnings generated.
[ 98%] Building C object CMakeFiles/hcc.dir/llvm-backend-cap.c.o
[100%] Linking C executable /private/var/folders/0g/mpt_55f524ndzxymkp20wjfc0000gn/T/clinemm-sandbox-temp-NfcUFs/polyc-gate.nUr2n4/build/hcc
[100%] Built target hcc
Install the project...
-- Install configuration: "Release"
-- Installing: /private/var/folders/0g/mpt_55f524ndzxymkp20wjfc0000gn/T/clinemm-sandbox-temp-NfcUFs/polyc-gate.nUr2n4/build/gate-prefix/bin/hcc
-- Up-to-date: /private/var/folders/0g/mpt_55f524ndzxymkp20wjfc0000gn/T/clinemm-sandbox-temp-NfcUFs/polyc-gate.nUr2n4/build/gate-prefix/include/tos.HH
clang: warning: argument unused during compilation: '-shared' [-Wunused-command-line-argument]
cc -shared -fPIC -c /tmp/holyc-asm.s -o ./all.o
ar: error: couldn't create cache file '/var/folders/0g/mpt_55f524ndzxymkp20wjfc0000gn/T/xcrun_db-xGksJ9Gw' (errno=Operation not permitted)
ar rcs libtos.a all.o
ld: Undefined symbols:
  _Errno, referenced from:
      _MALLOC in all.o
      _MALLOC in all.o
      _MALLOC in all.o
      _MALLOC in all.o
clang: error: linker command failed with exit code 1 (use -v to see invocation)
cc -dynamiclib -Wl,-install_name,/private/var/folders/0g/mpt_55f524ndzxymkp20wjfc0000gn/T/clinemm-sandbox-temp-NfcUFs/polyc-gate.nUr2n4/build/gate-prefix/lib/libtos.0.0.1.dylib all.o -o libtos.dylib -lpthread -lc -lm 
[0;31mERROR: [0mFailed to execute command: 'cc -dynamiclib -Wl,-install_name,/private/var/folders/0g/mpt_55f524ndzxymkp20wjfc0000gn/T/clinemm-sandbox-temp-NfcUFs/polyc-gate.nUr2n4/build/gate-prefix/lib/libtos.0.0.1.dylib all.o -o libtos.dylib -lpthread -lc -lm '
CMake Warning at cmake_install.cmake:91 (message):
  hcc -lib exited with code 1; this is expected when all.o references _Errno.
  Continuing.


ar: error: couldn't create cache file '/var/folders/0g/mpt_55f524ndzxymkp20wjfc0000gn/T/xcrun_db-xsEAPjC4' (errno=Operation not permitted)
ranlib: error: couldn't create cache file '/var/folders/0g/mpt_55f524ndzxymkp20wjfc0000gn/T/xcrun_db-ynCXUF7c' (errno=Operation not permitted)
-- Installing: /private/var/folders/0g/mpt_55f524ndzxymkp20wjfc0000gn/T/clinemm-sandbox-temp-NfcUFs/polyc-gate.nUr2n4/build/gate-prefix/lib/libtos.a
-- Installing: /private/var/folders/0g/mpt_55f524ndzxymkp20wjfc0000gn/T/clinemm-sandbox-temp-NfcUFs/polyc-gate.nUr2n4/build/gate-prefix/lib/libtos.0.0.1.dylib
./hcc --install-dir=/private/var/folders/0g/mpt_55f524ndzxymkp20wjfc0000gn/T/clinemm-sandbox-temp-NfcUFs/polyc-gate.nUr2n4/build/gate-prefix \
		tools/quality/llvm-gep01-test.HC \
		-o ./build/llvm-gep01-test
duplicate symbol '_MEMCPY' in:
    /private/var/folders/0g/mpt_55f524ndzxymkp20wjfc0000gn/T/clinemm-sandbox-temp-NfcUFs/holyc-asm-a33041.o
    /private/var/folders/0g/mpt_55f524ndzxymkp20wjfc0000gn/T/clinemm-sandbox-temp-NfcUFs/polyc-gate.nUr2n4/build/gate-prefix/lib/libtos.a[2](all.o)
duplicate symbol '_DirHumanNew' in:
    /private/var/folders/0g/mpt_55f524ndzxymkp20wjfc0000gn/T/clinemm-sandbox-temp-NfcUFs/holyc-asm-a33041.o
    /private/var/folders/0g/mpt_55f524ndzxymkp20wjfc0000gn/T/clinemm-sandbox-temp-NfcUFs/polyc-gate.nUr2n4/build/gate-prefix/lib/libtos.a[2](all.o)
duplicate symbol '_MSIZE' in:
    /private/var/folders/0g/mpt_55f524ndzxymkp20wjfc0000gn/T/clinemm-sandbox-temp-NfcUFs/holyc-asm-a33041.o
    /private/var/folders/0g/mpt_55f524ndzxymkp20wjfc0000gn/T/clinemm-sandbox-temp-NfcUFs/polyc-gate.nUr2n4/build/gate-prefix/lib/libtos.a[2](all.o)
duplicate symbol '_WaitPidIntr' in:
    /private/var/folders/0g/mpt_55f524ndzxymkp20wjfc0000gn/T/clinemm-sandbox-temp-NfcUFs/holyc-asm-a33041.o
    /private/var/folders/0g/mpt_55f524ndzxymkp20wjfc0000gn/T/clinemm-sandbox-temp-NfcUFs/polyc-gate.nUr2n4/build/gate-prefix/lib/libtos.a[2](all.o)
duplicate symbol '_Stat' in:
    /private/var/folders/0g/mpt_55f524ndzxymkp20wjfc0000gn/T/clinemm-sandbox-temp-NfcUFs/holyc-asm-a33041.o
    /private/var/folders/0g/mpt_55f524ndzxymkp20wjfc0000gn/T/clinemm-sandbox-temp-NfcUFs/polyc-gate.nUr2n4/build/gate-prefix/lib/libtos.a[2](all.o)
duplicate symbol '_Contains' in:
    /private/var/folders/0g/mpt_55f524ndzxymkp20wjfc0000gn/T/clinemm-sandbox-temp-NfcUFs/holyc-asm-a33041.o
    /private/var/folders/0g/mpt_55f524ndzxymkp20wjfc0000gn/T/clinemm-sandbox-temp-NfcUFs/polyc-gate.nUr2n4/build/gate-prefix/lib/libtos.a[2](all.o)
duplicate symbol '_REALLOC' in:
    /private/var/folders/0g/mpt_55f524ndzxymkp20wjfc0000gn/T/clinemm-sandbox-temp-NfcUFs/holyc-asm-a33041.o
    /private/var/folders/0g/mpt_55f524ndzxymkp20wjfc0000gn/T/clinemm-sandbox-temp-NfcUFs/polyc-gate.nUr2n4/build/gate-prefix/lib/libtos.a[2](all.o)
duplicate symbol '_MEMSET' in:
    /private/var/folders/0g/mpt_55f524ndzxymkp20wjfc0000gn/T/clinemm-sandbox-temp-NfcUFs/holyc-asm-a33041.o
    /private/var/folders/0g/mpt_55f524ndzxymkp20wjfc0000gn/T/clinemm-sandbox-temp-NfcUFs/polyc-gate.nUr2n4/build/gate-prefix/lib/libtos.a[2](all.o)
duplicate symbol '_DirHumanRelease' in:
    /private/var/folders/0g/mpt_55f524ndzxymkp20wjfc0000gn/T/clinemm-sandbox-temp-NfcUFs/holyc-asm-a33041.o
    /private/var/folders/0g/mpt_55f524ndzxymkp20wjfc0000gn/T/clinemm-sandbox-temp-NfcUFs/polyc-gate.nUr2n4/build/gate-prefix/lib/libtos.a[2](all.o)
duplicate symbol '_FileRead' in:
    /private/var/folders/0g/mpt_55f524ndzxymkp20wjfc0000gn/T/clinemm-sandbox-temp-NfcUFs/holyc-asm-a33041.o
    /private/var/folders/0g/mpt_55f524ndzxymkp20wjfc0000gn/T/clinemm-sandbox-temp-NfcUFs/polyc-gate.nUr2n4/build/gate-prefix/lib/libtos.a[2](all.o)
duplicate symbol '_FREE' in:
    /private/var/folders/0g/mpt_55f524ndzxymkp20wjfc0000gn/T/clinemm-sandbox-temp-NfcUFs/holyc-asm-a33041.o
    /private/var/folders/0g/mpt_55f524ndzxymkp20wjfc0000gn/T/clinemm-sandbox-temp-NfcUFs/polyc-gate.nUr2n4/build/gate-prefix/lib/libtos.a[2](all.o)
duplicate symbol '_Dir' in:
    /private/var/folders/0g/mpt_55f524ndzxymkp20wjfc0000gn/T/clinemm-sandbox-temp-NfcUFs/holyc-asm-a33041.o
    /private/var/folders/0g/mpt_55f524ndzxymkp20wjfc0000gn/T/clinemm-sandbox-temp-NfcUFs/polyc-gate.nUr2n4/build/gate-prefix/lib/libtos.a[2](all.o)
duplicate symbol '_CALLOC' in:
    /private/var/folders/0g/mpt_55f524ndzxymkp20wjfc0000gn/T/clinemm-sandbox-temp-NfcUFs/holyc-asm-a33041.o
    /private/var/folders/0g/mpt_55f524ndzxymkp20wjfc0000gn/T/clinemm-sandbox-temp-NfcUFs/polyc-gate.nUr2n4/build/gate-prefix/lib/libtos.a[2](all.o)
duplicate symbol '_Cd' in:
    /private/var/folders/0g/mpt_55f524ndzxymkp20wjfc0000gn/T/clinemm-sandbox-temp-NfcUFs/holyc-asm-a33041.o
    /private/var/folders/0g/mpt_55f524ndzxymkp20wjfc0000gn/T/clinemm-sandbox-temp-NfcUFs/polyc-gate.nUr2n4/build/gate-prefix/lib/libtos.a[2](all.o)
duplicate symbol '_ReadIntr' in:
    /private/var/folders/0g/mpt_55f524ndzxymkp20wjfc0000gn/T/clinemm-sandbox-temp-NfcUFs/holyc-asm-a33041.o
    /private/var/folders/0g/mpt_55f524ndzxymkp20wjfc0000gn/T/clinemm-sandbox-temp-NfcUFs/polyc-gate.nUr2n4/build/gate-prefix/lib/libtos.a[2](all.o)
duplicate symbol '_WaitDecode' in:
    /private/var/folders/0g/mpt_55f524ndzxymkp20wjfc0000gn/T/clinemm-sandbox-temp-NfcUFs/holyc-asm-a33041.o
    /private/var/folders/0g/mpt_55f524ndzxymkp20wjfc0000gn/T/clinemm-sandbox-temp-NfcUFs/polyc-gate.nUr2n4/build/gate-prefix/lib/libtos.a[2](all.o)
duplicate symbol '_FileExists' in:
    /private/var/folders/0g/mpt_55f524ndzxymkp20wjfc0000gn/T/clinemm-sandbox-temp-NfcUFs/holyc-asm-a33041.o
    /private/var/folders/0g/mpt_55f524ndzxymkp20wjfc0000gn/T/clinemm-sandbox-temp-NfcUFs/polyc-gate.nUr2n4/build/gate-prefix/lib/libtos.a[2](all.o)
duplicate symbol '_PollIntr' in:
    /private/var/folders/0g/mpt_55f524ndzxymkp20wjfc0000gn/T/clinemm-sandbox-temp-NfcUFs/holyc-asm-a33041.o
    /private/var/folders/0g/mpt_55f524ndzxymkp20wjfc0000gn/T/clinemm-sandbox-temp-NfcUFs/polyc-gate.nUr2n4/build/gate-prefix/lib/libtos.a[2](all.o)
duplicate symbol '_FileWrite' in:
    /private/var/folders/0g/mpt_55f524ndzxymkp20wjfc0000gn/T/clinemm-sandbox-temp-NfcUFs/holyc-asm-a33041.o
    /private/var/folders/0g/mpt_55f524ndzxymkp20wjfc0000gn/T/clinemm-sandbox-temp-NfcUFs/polyc-gate.nUr2n4/build/gate-prefix/lib/libtos.a[2](all.o)
duplicate symbol '_TmpFile' in:
    /private/var/folders/0g/mpt_55f524ndzxymkp20wjfc0000gn/T/clinemm-sandbox-temp-NfcUFs/holyc-asm-a33041.o
    /private/var/folders/0g/mpt_55f524ndzxymkp20wjfc0000gn/T/clinemm-sandbox-temp-NfcUFs/polyc-gate.nUr2n4/build/gate-prefix/lib/libtos.a[2](all.o)
duplicate symbol '_MALLOC' in:
    /private/var/folders/0g/mpt_55f524ndzxymkp20wjfc0000gn/T/clinemm-sandbox-temp-NfcUFs/holyc-asm-a33041.o
    /private/var/folders/0g/mpt_55f524ndzxymkp20wjfc0000gn/T/clinemm-sandbox-temp-NfcUFs/polyc-gate.nUr2n4/build/gate-prefix/lib/libtos.a[2](all.o)
duplicate symbol '_Pwd' in:
    /private/var/folders/0g/mpt_55f524ndzxymkp20wjfc0000gn/T/clinemm-sandbox-temp-NfcUFs/holyc-asm-a33041.o
    /private/var/folders/0g/mpt_55f524ndzxymkp20wjfc0000gn/T/clinemm-sandbox-temp-NfcUFs/polyc-gate.nUr2n4/build/gate-prefix/lib/libtos.a[2](all.o)
duplicate symbol '_QSortDirHuman' in:
    /private/var/folders/0g/mpt_55f524ndzxymkp20wjfc0000gn/T/clinemm-sandbox-temp-NfcUFs/holyc-asm-a33041.o
    /private/var/folders/0g/mpt_55f524ndzxymkp20wjfc0000gn/T/clinemm-sandbox-temp-NfcUFs/polyc-gate.nUr2n4/build/gate-prefix/lib/libtos.a[2](all.o)
duplicate symbol '_SpawnAndCapture' in:
    /private/var/folders/0g/mpt_55f524ndzxymkp20wjfc0000gn/T/clinemm-sandbox-temp-NfcUFs/holyc-asm-a33041.o
    /private/var/folders/0g/mpt_55f524ndzxymkp20wjfc0000gn/T/clinemm-sandbox-temp-NfcUFs/polyc-gate.nUr2n4/build/gate-prefix/lib/libtos.a[2](all.o)
duplicate symbol '_CmpDirHuman' in:
    /private/var/folders/0g/mpt_55f524ndzxymkp20wjfc0000gn/T/clinemm-sandbox-temp-NfcUFs/holyc-asm-a33041.o
    /private/var/folders/0g/mpt_55f524ndzxymkp20wjfc0000gn/T/clinemm-sandbox-temp-NfcUFs/polyc-gate.nUr2n4/build/gate-prefix/lib/libtos.a[2](all.o)
duplicate symbol '_DirHumanColor' in:
    /private/var/folders/0g/mpt_55f524ndzxymkp20wjfc0000gn/T/clinemm-sandbox-temp-NfcUFs/holyc-asm-a33041.o
    /private/var/folders/0g/mpt_55f524ndzxymkp20wjfc0000gn/T/clinemm-sandbox-temp-NfcUFs/polyc-gate.nUr2n4/build/gate-prefix/lib/libtos.a[2](all.o)
ld: 26 duplicate symbols
clang: error: linker command failed with exit code 1 (use -v to see invocation)
[0;31mERROR: [0mFailed to execute command: 'cc -L/private/var/folders/0g/mpt_55f524ndzxymkp20wjfc0000gn/T/clinemm-sandbox-temp-NfcUFs/polyc-gate.nUr2n4/build/gate-prefix/lib /tmp/holyc-asm.s     -ltos -lpthread -lc -lm -o ./build/llvm-gep01-test'
make: *** [llvm-gep01-test] Error 1
CHECK=gep01 STATUS=FAIL
REASON=gep01 exited with status 2
VERDICT=FAIL
