cd ./src/tests && ../../hcc ./run.HC -o test-runner && ./test-runner && cd ../../
Test Assigning pointer to a pointer from a class, with brackets: [0;32mPASSED: 1/1[0;0m
====
Test Assigning pointer to a pointer from a class, no brackets: [0;32mPASSED: 1/1[0;0m
====
Test - Juggling an array MAlloc(I64 * 10): [0;32mPASSED: 4/4[0;0m
====
Test - Pointer to a pointer from a class: [0;32mPASSED: 1/1[0;0m
=====
Test - Taking the address of a local: [0;32mPASSED: 1/1[0;0m
Test - class definition: [0;32mPASSED: 6/6[0;0m
====
Test - Linked list recusive definition class: [0;32mPASSED: 5/5[0;0m
====
Test - 'break' and 'continue' inside while and for loops: [0;32mPASSED: 4/4[0;0m
====
Test - Default function parameters: [0;32mPASSED: 1/1[0;0m
====
Test - qsort, recursion and default function params: [0;32mPASSED: 1/1[0;0m
====
Assignment tests:
= test: [0;32mPASSED: 2/2[0;0m
+= test: [0;32mPASSED: 2/2[0;0m
-= test: [0;32mPASSED: 2/2[0;0m
*= test: [0;32mPASSED: 2/2[0;0m
/= test: [0;32mPASSED: 2/2[0;0m
%= test: [0;32mPASSED: 2/2[0;0m
&= test: [0;32mPASSED: 2/2[0;0m
|= test: [0;32mPASSED: 2/2[0;0m
^= test: [0;32mPASSED: 2/2[0;0m
>>= test: [0;32mPASSED: 2/2[0;0m
<<= test: [0;32mPASSED: 2/2[0;0m
=====
Test - Function pointers: [0;32mPASSED: 5/5[0;0m
====
Test - Simple Threading:
[0;32mPASSED: 1/1[0;0m
====
Test Mathematics:
Subtraction - : [0;32mPASSED: 7/7[0;0m
Multiplication * : [0;32mPASSED: 5/5[0;0m
Modulo % : [0;32mPASSED: 5/5[0;0m
Addition + : [0;32mPASSED: 5/5[0;0m
Division / : [0;32mPASSED: 3/3[0;0m
MATHS_SHL << : [0;32mPASSED: 3/3[0;0m
MATHS_SHR >> : [0;32mPASSED: 3/3[0;0m
Xor ^: [0;32mPASSED: 3/3[0;0m
Or |: [0;32mPASSED: 3/3[0;0m
And &: [0;32mPASSED: 3/3[0;0m
Not ~: [0;32mPASSED: 3/3[0;0m
=====
Test - MemCpy, MemSet: [0;32mPASSED: 4/4[0;0m
Test - comma separated declarators & types: [0;32mPASSED: 3/3[0;0m
====
Test - Variable arguments: [0;32mPASSED: 15/15[0;0m
=====
Test - Type casting:
[0;32mPASSED: 9/9[0;0m
=====
Test - Switch statement: [0;32mPASSED: 7/7[0;0m
Loop test suite
Testing For Loop: [0;32mPASSED: 2/2[0;0m
Testing while loop: [0;32mPASSED: 1/1[0;0m
Testing do-while loop: [0;32mPASSED: 1/1[0;0m
=====
Testing GOTO: [0;32mPASSED: 2/2[0;0m
=====
Addressing: [0;32mPASSED: 2/2[0;0m
====
Malloced Arrays:
[0;32mPASSED: 10/10[0;0m
[0;32mPASSED: 2/2[0;0m
=====
Test: Union and class inheritance: [0;32mPASSED: 4/4[0;0m
====
Test Scripting: [0;32mPASSED: 4/4[0;0m
===
Test - Floating point arithmetic:
[0;32mPASSED: 6/6[0;0m
====
Test - auto keyword: [0;32mPASSED: 2/2[0;0m
====
Test - Arrays & multi dimensional: [0;32mPASSED: 5/5[0;0m
====
Test - Preprocessor: [0;32mPASSED: 6/6[0;0m
====
Test - FzF fuzzy finding: [0;32mPASSED: 7/7[0;0m
====
Test - JSON parsing: {"hello": 10,"key": "some string","id": null,"bool2": false,"bool": true,"array": [1,30030303,430,-14]}
[0;32mPASSED: 10/10[0;0m
====
Test - local static variables and global variables:
[0;32mPASSED: 3/3[0;0m
====
Test - Global and static array
[0;32mPASSED: 2/2[0;0m
====
Test - basic io: [0;32mPASSED: 4/4[0;0m
====
Test - Range loop:
[0;32mPASSED: 7/7[0;0m
====
Test - sizeof(...):
[0;32mPASSED: 8/8[0;0m
====
Test - Argument count errors:
[0;32mPASSED: 7/7[0;0m
====
Test - try/catch/throw: [0;32mPASSED: 8/8[0;0m
=====
Test - Class self-reference (no forward decl): [0;32mPASSED: 2/2[0;0m
====
Test - Pointer relational comparisons: [0;32mPASSED: 3/3[0;0m
====
Test - Trailing U0 placeholder fields: [0;32mPASSED: 3/3[0;0m
====
Test - TempleOS LZW compress/decompress: [0;32mPASSED: 2/2[0;0m
====
Test - F32 (single precision) arithmetic:
[0;32mPASSED: 8/8[0;0m
====
Test - Global initialisers:
[0;32mPASSED: 3/3[0;0m
====
Test - alignof and struct layout:
[0;32mPASSED: 5/5[0;0m
====
Test - struct by value (C ABI):
[0;32mPASSED: 4/4[0;0m
====
Test - argument register overflow (stack spill):
[0;32mPASSED: 6/6[0;0m
====
Test - if with initialiser (`if (init; cond)`):
[0;32mPASSED: 9/9[0;0m
====
Test - float<->int conversions (all widths, signed + unsigned):
[0;32mPASSED: 6/6[0;0m
====
Test - global aggregate initialisers (class/struct + arrays):
[0;32mPASSED: 7/7[0;0m
====
Test - narrow signed integer reads sign-extend (all read paths):
[0;32mPASSED: 6/6[0;0m
====
Test - integer compare against large (shift-12) immediates:
[0;32mPASSED: 4/4[0;0m
====
Test - by-value struct/class copy and assignment:
[0;32mPASSED: 6/6[0;0m
====
Test - uppercase-L global symbols (Mach-O local-label escape):
[0;32mPASSED: 4/4[0;0m
====
Test - passing a global struct by value as an argument:
[0;32mPASSED: 3/3[0;0m
====
Test - passing a struct field (p->field) by value:
[0;32mPASSED: 3/3[0;0m
====
Testing if else
[0;32mPASSED: 4/4[0;0m
=====
Test - returning a struct by value (C ABI):
[0;32mPASSED: 7/7[0;0m
====
Test - &ptr[i] / &ptr[i].field on pointers to structs:
[0;32mPASSED: 4/4[0;0m
====
Test - leaf fns mixing constants with register-homed params:
[0;32mPASSED: 5/5[0;0m
====
Test - #link directive (AOT): [0;32mPASSED: 3/3[0;0m
===
Test - #ifjit / #ifaot: [0;32mPASSED: 3/3[0;0m
===
Test - typeof: [0;32mPASSED: 8/8[0;0m
===
Test - big stack frames: [0;32mPASSED: 10/10[0;0m
===
Test - indirect struct return C interop: [0;32mPASSED: 3/3[0;0m
===
Test - class inheritance (empty derived, layout, upcast): [0;32mPASSED: 7/7[0;0m
====
Repro 171 (Default function pointer arguments): [0;32mPASSED: 1/1[0;0m
====
