POLYC_GATE=push
SUBJECT=f703cecab5c5
rm -rf ./build ./hcc
cmake -S ./src \
		-B ./build \
		-G 'Unix Makefiles' \
		-DCMAKE_C_COMPILER=gcc \
		-DCMAKE_BUILD_TYPE=Release \
		-DCMAKE_INSTALL_PREFIX=/private/var/folders/0g/mpt_55f524ndzxymkp20wjfc0000gn/T/clinemm-sandbox-temp-6WBtsy/polyc-gate.FnccW3/build/gate-prefix \
		-DCMAKE_C_FLAGS='-Wextra -Wall -Wpedantic' \
		-DCMAKE_EXPORT_COMPILE_COMMANDS=on \
		-DHCC_ENABLE_JIT=on \
		-DHCC_ENABLE_LLVM=OFF \
		&& /Library/Developer/CommandLineTools/usr/bin/make -C ./build -j2
-- The C compiler identification is AppleClang 15.0.0.15000040
-- The CXX compiler identification is AppleClang 15.0.0.15000040
-- Detecting C compiler ABI info
-- Detecting C compiler ABI info - done
-- Check for working C compiler: /usr/bin/gcc - skipped
-- Detecting C compile features
-- Detecting C compile features - done
-- Detecting CXX compiler ABI info
-- Detecting CXX compiler ABI info - done
-- Check for working CXX compiler: /usr/bin/c++ - skipped
-- Detecting CXX compile features
-- Detecting CXX compile features - done
-- Performing Test CMAKE_HAVE_LIBC_PTHREAD
-- Performing Test CMAKE_HAVE_LIBC_PTHREAD - Success
-- Found Threads: TRUE
-- Configuring done (0.6s)
-- Generating done (0.0s)
-- Build files have been written to: /private/var/folders/0g/mpt_55f524ndzxymkp20wjfc0000gn/T/clinemm-sandbox-temp-6WBtsy/polyc-gate.FnccW3/build
[  4%] Building C object asm/CMakeFiles/tasm.dir/asm.c.o
[  4%] Building C object asm/CMakeFiles/tasm.dir/asm_enc.c.o
[  6%] Building C object asm/CMakeFiles/tasm.dir/asm_jit.c.o
[  8%] Building C object asm/CMakeFiles/tasm.dir/dis_arm64.c.o
[ 10%] Building C object asm/CMakeFiles/tasm.dir/dis_x86_64.c.o
[ 12%] Building C object asm/CMakeFiles/tasm.dir/enc_arm64.c.o
[ 14%] Building C object asm/CMakeFiles/tasm.dir/enc_x86_64.c.o
[ 16%] Building C object asm/CMakeFiles/tasm.dir/target.c.o
[ 18%] Building C object asm/CMakeFiles/tasm.dir/tasm_debug.c.o
[ 20%] Building C object asm/CMakeFiles/tasm.dir/tasm_util.c.o
[ 22%] Linking C static library libtasm.a
ar: error: couldn't create cache file '/var/folders/0g/mpt_55f524ndzxymkp20wjfc0000gn/T/xcrun_db-Px73x1ut' (errno=Operation not permitted)
ranlib: error: couldn't create cache file '/var/folders/0g/mpt_55f524ndzxymkp20wjfc0000gn/T/xcrun_db-VyKzk0x8' (errno=Operation not permitted)
[ 22%] Built target tasm
[ 24%] Building C object CMakeFiles/hcc.dir/aostr.c.o
[ 26%] Building C object CMakeFiles/hcc.dir/asm.c.o
[ 28%] Building C object CMakeFiles/hcc.dir/arena.c.o
[ 30%] Building C object CMakeFiles/hcc.dir/ast.c.o
[ 32%] Building C object CMakeFiles/hcc.dir/cctrl.c.o
[ 34%] Building C object CMakeFiles/hcc.dir/cfg-print.c.o
[ 36%] Building C object CMakeFiles/hcc.dir/cfg.c.o
[ 38%] Building C object CMakeFiles/hcc.dir/cli.c.o
[ 40%] Building C object CMakeFiles/hcc.dir/containers.c.o
[ 42%] Building C object CMakeFiles/hcc.dir/compile.c.o
[ 44%] Building C object CMakeFiles/hcc.dir/aarch64.c.o
[ 46%] Building C object CMakeFiles/hcc.dir/ir.c.o
/private/var/folders/0g/mpt_55f524ndzxymkp20wjfc0000gn/T/clinemm-sandbox-temp-6WBtsy/polyc-gate.FnccW3/src/ir.c:3350:21: warning: incompatible integer to pointer conversion passing 'int' to parameter of type 'VecType *' (aka 'struct VecType *') [-Wint-conversion]
    Vec *v = vecNew(n);
                    ^
/private/var/folders/0g/mpt_55f524ndzxymkp20wjfc0000gn/T/clinemm-sandbox-temp-6WBtsy/polyc-gate.FnccW3/src/containers.h:44:22: note: passing argument to parameter 'type' here
Vec *vecNew(VecType *type);
                     ^
1 warning generated.
[ 48%] Building C object CMakeFiles/hcc.dir/ir-debug.c.o
[ 51%] Building C object CMakeFiles/hcc.dir/ir-eval.c.o
[ 53%] Building C object CMakeFiles/hcc.dir/ir-optimise.c.o
[ 55%] Building C object CMakeFiles/hcc.dir/ir-regalloc.c.o
[ 57%] Building C object CMakeFiles/hcc.dir/ir-types.c.o
[ 59%] Building C object CMakeFiles/hcc.dir/json.c.o
[ 61%] Building C object CMakeFiles/hcc.dir/lexer.c.o
[ 63%] Building C object CMakeFiles/hcc.dir/list.c.o
[ 65%] Building C object CMakeFiles/hcc.dir/lsp.c.o
[ 67%] Building C object CMakeFiles/hcc.dir/main.c.o
[ 69%] Building C object CMakeFiles/hcc.dir/memory.c.o
[ 71%] Building C object CMakeFiles/hcc.dir/mempool.c.o
[ 73%] Building C object CMakeFiles/hcc.dir/parser.c.o
[ 75%] Building C object CMakeFiles/hcc.dir/prsasm.c.o
[ 77%] Building C object CMakeFiles/hcc.dir/prslib.c.o
[ 79%] Building C object CMakeFiles/hcc.dir/prsutil.c.o
[ 81%] Building C object CMakeFiles/hcc.dir/transpiler.c.o
[ 83%] Building C object CMakeFiles/hcc.dir/x86.c.o
[ 85%] Building C object CMakeFiles/hcc.dir/x86_64.c.o
[ 87%] Building C object CMakeFiles/hcc.dir/jit-common.c.o
[ 89%] Building C object CMakeFiles/hcc.dir/aarch64-jit.c.o
[ 91%] Building C object CMakeFiles/hcc.dir/x86_64-jit.c.o
[ 93%] Building C object CMakeFiles/hcc.dir/repl.c.o
[ 95%] Building C object CMakeFiles/hcc.dir/memsafe.c.o
[ 97%] Building C object CMakeFiles/hcc.dir/linenoise/linenoise.c.o
[100%] Linking C executable /private/var/folders/0g/mpt_55f524ndzxymkp20wjfc0000gn/T/clinemm-sandbox-temp-6WBtsy/polyc-gate.FnccW3/hcc
[100%] Built target hcc
CHECK=build STATUS=PASS
/Library/Developer/CommandLineTools/usr/bin/make -C ./build install
[ 22%] Built target tasm
[100%] Built target hcc
Install the project...
-- Install configuration: "Release"
-- Installing: /private/var/folders/0g/mpt_55f524ndzxymkp20wjfc0000gn/T/clinemm-sandbox-temp-6WBtsy/polyc-gate.FnccW3/build/gate-prefix/bin/hcc
-- Installing: /private/var/folders/0g/mpt_55f524ndzxymkp20wjfc0000gn/T/clinemm-sandbox-temp-6WBtsy/polyc-gate.FnccW3/build/gate-prefix/include/tos.HH
clang: warning: argument unused during compilation: '-shared' [-Wunused-command-line-argument]
cc -shared -fPIC -c /tmp/holyc-asm.s -o ./all.o
ar: error: couldn't create cache file '/var/folders/0g/mpt_55f524ndzxymkp20wjfc0000gn/T/xcrun_db-8Tjk6H2P' (errno=Operation not permitted)
ar rcs libtos.a all.o
cc -dynamiclib -Wl,-install_name,/private/var/folders/0g/mpt_55f524ndzxymkp20wjfc0000gn/T/clinemm-sandbox-temp-6WBtsy/polyc-gate.FnccW3/build/gate-prefix/lib/libtos.0.0.1.dylib all.o -o libtos.dylib -lpthread -lc -lm
cp: cannot create regular file '/private/var/folders/0g/mpt_55f524ndzxymkp20wjfc0000gn/T/clinemm-sandbox-temp-6WBtsy/polyc-gate.FnccW3/build/gate-prefix/lib/libtos.a': No such file or directory
cp -pPR ./libtos.a /private/var/folders/0g/mpt_55f524ndzxymkp20wjfc0000gn/T/clinemm-sandbox-temp-6WBtsy/polyc-gate.FnccW3/build/gate-prefix/lib/libtos.a && cp -pPR ./libtos.dylib /private/var/folders/0g/mpt_55f524ndzxymkp20wjfc0000gn/T/clinemm-sandbox-temp-6WBtsy/polyc-gate.FnccW3/build/gate-prefix/lib/libtos.0.0.1.dylib
[0;31mERROR: [0mFailed to execute command: 'cp -pPR ./libtos.a /private/var/folders/0g/mpt_55f524ndzxymkp20wjfc0000gn/T/clinemm-sandbox-temp-6WBtsy/polyc-gate.FnccW3/build/gate-prefix/lib/libtos.a && cp -pPR ./libtos.dylib /private/var/folders/0g/mpt_55f524ndzxymkp20wjfc0000gn/T/clinemm-sandbox-temp-6WBtsy/polyc-gate.FnccW3/build/gate-prefix/lib/libtos.0.0.1.dylib'
clang: warning: argument unused during compilation: '-shared' [-Wunused-command-line-argument]
cc -shared -fPIC -c /tmp/holyc-asm.s -o ./all.o
ar: error: couldn't create cache file '/var/folders/0g/mpt_55f524ndzxymkp20wjfc0000gn/T/xcrun_db-Gk3EmSq3' (errno=Operation not permitted)
ar rcs libtos.a all.o
cc -dynamiclib -Wl,-install_name,/private/var/folders/0g/mpt_55f524ndzxymkp20wjfc0000gn/T/clinemm-sandbox-temp-6WBtsy/polyc-gate.FnccW3/build/gate-prefix/lib/libtos.0.0.1.dylib all.o -o libtos.dylib -lpthread -lc -lm
cp -pPR ./libtos.a /private/var/folders/0g/mpt_55f524ndzxymkp20wjfc0000gn/T/clinemm-sandbox-temp-6WBtsy/polyc-gate.FnccW3/build/gate-prefix/lib/libtos.a && cp -pPR ./libtos.dylib /private/var/folders/0g/mpt_55f524ndzxymkp20wjfc0000gn/T/clinemm-sandbox-temp-6WBtsy/polyc-gate.FnccW3/build/gate-prefix/lib/libtos.0.0.1.dylib
CHECK=install STATUS=PASS
cd ./src/tests && ../../hcc ./run.HC -o test-runner && ./test-runner && cd ../../
Test Assigning pointer to a pointer from a class, with brackets: [0;32mPASSED: 1/1[0;0m
====
Test Assigning pointer to a pointer from a class, no brackets: [0;32mPASSED: 1/1[0;0m
====
Test - Juggling an array MAlloc(I64 * 10): [0;32mPASSED: 4/4[0;0m
====
Test - Pointer to a pointer from a class: [0;32mPASSED: 1/1[0;0m
=====
Test - Taking the address of a local: [0;32mPASSED: 1/1[0;0m
Test - class definition: [0;32mPASSED: 6/6[0;0m
====
Test - Linked list recusive definition class: [0;32mPASSED: 5/5[0;0m
====
Test - 'break' and 'continue' inside while and for loops: [0;32mPASSED: 4/4[0;0m
====
Test - Default function parameters: [0;32mPASSED: 1/1[0;0m
====
Test - qsort, recursion and default function params: [0;32mPASSED: 1/1[0;0m
====
Assignment tests:
= test: [0;32mPASSED: 2/2[0;0m
+= test: [0;32mPASSED: 2/2[0;0m
-= test: [0;32mPASSED: 2/2[0;0m
*= test: [0;32mPASSED: 2/2[0;0m
/= test: [0;32mPASSED: 2/2[0;0m
%= test: [0;32mPASSED: 2/2[0;0m
&= test: [0;32mPASSED: 2/2[0;0m
|= test: [0;32mPASSED: 2/2[0;0m
^= test: [0;32mPASSED: 2/2[0;0m
>>= test: [0;32mPASSED: 2/2[0;0m
<<= test: [0;32mPASSED: 2/2[0;0m
=====
Test - Function pointers: [0;32mPASSED: 5/5[0;0m
====
Test - Simple Threading:
[0;32mPASSED: 1/1[0;0m
====
Test Mathematics:
Subtraction - : [0;32mPASSED: 7/7[0;0m
Multiplication * : [0;32mPASSED: 5/5[0;0m
Modulo % : [0;32mPASSED: 5/5[0;0m
Addition + : [0;32mPASSED: 5/5[0;0m
Division / : [0;32mPASSED: 3/3[0;0m
MATHS_SHL << : [0;32mPASSED: 3/3[0;0m
MATHS_SHR >> : [0;32mPASSED: 3/3[0;0m
Xor ^: [0;32mPASSED: 3/3[0;0m
Or |: [0;32mPASSED: 3/3[0;0m
And &: [0;32mPASSED: 3/3[0;0m
Not ~: [0;32mPASSED: 3/3[0;0m
=====
Test - MemCpy, MemSet: [0;32mPASSED: 4/4[0;0m
Test - comma separated declarators & types: [0;32mPASSED: 3/3[0;0m
====
Test - Variable arguments: [0;32mPASSED: 15/15[0;0m
=====
Test - Type casting:
[0;32mPASSED: 9/9[0;0m
=====
Test - Switch statement: [0;32mPASSED: 7/7[0;0m
Loop test suite
Testing For Loop: [0;32mPASSED: 2/2[0;0m
Testing while loop: [0;32mPASSED: 1/1[0;0m
Testing do-while loop: [0;32mPASSED: 1/1[0;0m
=====
Testing GOTO: [0;32mPASSED: 2/2[0;0m
=====
Addressing: [0;32mPASSED: 2/2[0;0m
====
Malloced Arrays:
[0;32mPASSED: 10/10[0;0m
[0;32mPASSED: 2/2[0;0m
=====
Test: Union and class inheritance: [0;32mPASSED: 4/4[0;0m
====
Test Scripting: [0;32mPASSED: 4/4[0;0m
===
Test - Floating point arithmetic:
[0;32mPASSED: 6/6[0;0m
====
Test - auto keyword: [0;32mPASSED: 2/2[0;0m
====
Test - Arrays & multi dimensional: [0;32mPASSED: 5/5[0;0m
====
Test - Preprocessor: [0;32mPASSED: 6/6[0;0m
====
Test - FzF fuzzy finding: [0;32mPASSED: 7/7[0;0m
====
Test - JSON parsing: {"hello": 10,"key": "some string","id": null,"bool2": false,"bool": true,"array": [1,30030303,430,-14]}
[0;32mPASSED: 10/10[0;0m
====
Test - local static variables and global variables:
[0;32mPASSED: 3/3[0;0m
====
Test - Global and static array
[0;32mPASSED: 2/2[0;0m
====
Test - basic io: [0;32mPASSED: 4/4[0;0m
====
Test - Range loop:
[0;32mPASSED: 7/7[0;0m
====
Test - sizeof(...):
[0;32mPASSED: 8/8[0;0m
====
Test - Argument count errors:
[0;32mPASSED: 7/7[0;0m
====
Test - try/catch/throw: [0;32mPASSED: 8/8[0;0m
=====
Test - Class self-reference (no forward decl): [0;32mPASSED: 2/2[0;0m
====
Test - Pointer relational comparisons: [0;32mPASSED: 3/3[0;0m
====
Test - Trailing U0 placeholder fields: [0;32mPASSED: 3/3[0;0m
====
warning: Incompatible types 'CArcEntry **' is not assignable to type 'CArcEntry *'
 --> 43_compress_templeos.HC:127:11
     |
 127 |          tmp1=&c->hash[tmp->basecode];
     |              ^^^^^^^^^^^^^^^^^^^^^^^^^
warning: Incompatible types 'CArcEntry **' is not assignable to type 'CArcEntry *'
 --> 43_compress_templeos.HC:203:9
     |
 203 |        tmp1=&c->hash[basecode];
     |            ^^^^^^^^^^^^^^^^^^^^
warning: Incompatible types 'CArcEntry **' is not assignable to type 'CArcEntry *'
 --> 43_compress_templeos.HC:285:11
     |
 285 |          tmp1=&c->hash[lastcode];
     |              ^^^^^^^^^^^^^^^^^^^^
warning: Incompatible types 'CArcCompress *' is not assignable to type 'U8 *'
 --> 43_compress_templeos.HC:318:17
     |
 318 |          c->src_buf=arc;
     |                    ^^^^^
Test - TempleOS LZW compress/decompress: [0;32mPASSED: 2/2[0;0m
====
Test - F32 (single precision) arithmetic:
[0;32mPASSED: 8/8[0;0m
====
Test - Global initialisers:
[0;32mPASSED: 3/3[0;0m
====
Test - alignof and struct layout:
[0;32mPASSED: 5/5[0;0m
====
Test - struct by value (C ABI):
[0;32mPASSED: 4/4[0;0m
====
Test - argument register overflow (stack spill):
[0;32mPASSED: 6/6[0;0m
====
Test - if with initialiser (`if (init; cond)`):
[0;32mPASSED: 9/9[0;0m
====
Test - float<->int conversions (all widths, signed + unsigned):
[0;32mPASSED: 6/6[0;0m
====
Test - global aggregate initialisers (class/struct + arrays):
[0;32mPASSED: 7/7[0;0m
====
Test - narrow signed integer reads sign-extend (all read paths):
[0;32mPASSED: 6/6[0;0m
====
Test - integer compare against large (shift-12) immediates:
[0;32mPASSED: 4/4[0;0m
====
Test - by-value struct/class copy and assignment:
[0;32mPASSED: 6/6[0;0m
====
Test - uppercase-L global symbols (Mach-O local-label escape):
[0;32mPASSED: 4/4[0;0m
====
Test - passing a global struct by value as an argument:
[0;32mPASSED: 3/3[0;0m
====
Test - passing a struct field (p->field) by value:
[0;32mPASSED: 3/3[0;0m
====
Testing if else
[0;32mPASSED: 4/4[0;0m
=====
Test - returning a struct by value (C ABI):
[0;32mPASSED: 7/7[0;0m
====
Test - &ptr[i] / &ptr[i].field on pointers to structs:
[0;32mPASSED: 4/4[0;0m
====
Test - leaf fns mixing constants with register-homed params:
[0;32mPASSED: 5/5[0;0m
====
ld: warning: ignoring duplicate libraries: '-lm'
Test - #link directive (AOT): [0;32mPASSED: 3/3[0;0m
===
Test - #ifjit / #ifaot: [0;32mPASSED: 3/3[0;0m
===
Test - typeof: [0;32mPASSED: 8/8[0;0m
===
Test - big stack frames: [0;32mPASSED: 10/10[0;0m
===
Test - indirect struct return C interop: [0;32mPASSED: 3/3[0;0m
===
Test - class inheritance (empty derived, layout, upcast): [0;32mPASSED: 7/7[0;0m
====
Repro 171 (Default function pointer arguments): [0;32mPASSED: 1/1[0;0m
====
CHECK=aot STATUS=PASS
cd ./src/tests && ../../hcc ./run_jit.HC -o test-runner-jit && ./test-runner-jit && cd ../../
Test Assigning pointer to a pointer from a class, with brackets: [0;32mPASSED: 1/1[0;0m
====
Test Assigning pointer to a pointer from a class, no brackets: [0;32mPASSED: 1/1[0;0m
====
Test - Juggling an array MAlloc(I64 * 10): [0;32mPASSED: 4/4[0;0m
====
Test - Pointer to a pointer from a class: [0;32mPASSED: 1/1[0;0m
=====
Test - Taking the address of a local: [0;32mPASSED: 1/1[0;0m
Test - class definition: [0;32mPASSED: 6/6[0;0m
====
Test - Linked list recusive definition class: [0;32mPASSED: 5/5[0;0m
====
Test - 'break' and 'continue' inside while and for loops: [0;32mPASSED: 4/4[0;0m
====
Test - Default function parameters: [0;32mPASSED: 1/1[0;0m
====
Test - qsort, recursion and default function params: [0;32mPASSED: 1/1[0;0m
====
Assignment tests:
= test: [0;32mPASSED: 2/2[0;0m
+= test: [0;32mPASSED: 2/2[0;0m
-= test: [0;32mPASSED: 2/2[0;0m
*= test: [0;32mPASSED: 2/2[0;0m
/= test: [0;32mPASSED: 2/2[0;0m
%= test: [0;32mPASSED: 2/2[0;0m
&= test: [0;32mPASSED: 2/2[0;0m
|= test: [0;32mPASSED: 2/2[0;0m
^= test: [0;32mPASSED: 2/2[0;0m
>>= test: [0;32mPASSED: 2/2[0;0m
<<= test: [0;32mPASSED: 2/2[0;0m
=====
Test - Function pointers: [0;32mPASSED: 5/5[0;0m
====
Test - Simple Threading:
[0;32mPASSED: 1/1[0;0m
====
Test Mathematics:
Subtraction - : [0;32mPASSED: 7/7[0;0m
Multiplication * : [0;32mPASSED: 5/5[0;0m
Modulo % : [0;32mPASSED: 5/5[0;0m
Addition + : [0;32mPASSED: 5/5[0;0m
Division / : [0;32mPASSED: 3/3[0;0m
MATHS_SHL << : [0;32mPASSED: 3/3[0;0m
MATHS_SHR >> : [0;32mPASSED: 3/3[0;0m
Xor ^: [0;32mPASSED: 3/3[0;0m
Or |: [0;32mPASSED: 3/3[0;0m
And &: [0;32mPASSED: 3/3[0;0m
Not ~: [0;32mPASSED: 3/3[0;0m
=====
Test - MemCpy, MemSet: [0;32mPASSED: 4/4[0;0m
Test - comma separated declarators & types: [0;32mPASSED: 3/3[0;0m
====
Test - Variable arguments: [0;32mPASSED: 15/15[0;0m
=====
Test - Type casting:
[0;32mPASSED: 9/9[0;0m
=====
Test - Switch statement: [0;32mPASSED: 7/7[0;0m
Loop test suite
Testing For Loop: [0;32mPASSED: 2/2[0;0m
Testing while loop: [0;32mPASSED: 1/1[0;0m
Testing do-while loop: [0;32mPASSED: 1/1[0;0m
=====
Testing GOTO: [0;32mPASSED: 2/2[0;0m
=====
Addressing: [0;32mPASSED: 2/2[0;0m
====
Malloced Arrays:
[0;32mPASSED: 10/10[0;0m
[0;32mPASSED: 2/2[0;0m
=====
Test: Union and class inheritance: [0;32mPASSED: 4/4[0;0m
====
Test Scripting: [0;32mPASSED: 4/4[0;0m
===
Test - Floating point arithmetic:
[0;32mPASSED: 6/6[0;0m
====
Test - auto keyword: [0;32mPASSED: 2/2[0;0m
====
Test - Arrays & multi dimensional: [0;32mPASSED: 5/5[0;0m
====
Test - Preprocessor: [0;32mPASSED: 6/6[0;0m
====
Test - FzF fuzzy finding: [0;32mPASSED: 7/7[0;0m
====
Test - JSON parsing: {"hello": 10,"key": "some string","id": null,"bool2": false,"bool": true,"array": [1,30030303,430,-14]}
[0;32mPASSED: 10/10[0;0m
====
Test - local static variables and global variables:
[0;32mPASSED: 3/3[0;0m
====
Test - Global and static array
[0;32mPASSED: 2/2[0;0m
====
Test - basic io: [0;32mPASSED: 4/4[0;0m
====
Test - Range loop:
[0;32mPASSED: 7/7[0;0m
====
Test - sizeof(...):
[0;32mPASSED: 8/8[0;0m
====
Test - Argument count errors:
[0;32mPASSED: 7/7[0;0m
====
Test - try/catch/throw: [0;32mPASSED: 8/8[0;0m
=====
Test - Class self-reference (no forward decl): [0;32mPASSED: 2/2[0;0m
====
Test - Pointer relational comparisons: [0;32mPASSED: 3/3[0;0m
====
Test - Trailing U0 placeholder fields: [0;32mPASSED: 3/3[0;0m
====
warning: Incompatible types 'CArcEntry **' is not assignable to type 'CArcEntry *'
 --> 43_compress_templeos.HC:127:11
     |
 127 |          tmp1=&c->hash[tmp->basecode];
     |              ^^^^^^^^^^^^^^^^^^^^^^^^^
warning: Incompatible types 'CArcEntry **' is not assignable to type 'CArcEntry *'
 --> 43_compress_templeos.HC:203:9
     |
 203 |        tmp1=&c->hash[basecode];
     |            ^^^^^^^^^^^^^^^^^^^^
warning: Incompatible types 'CArcEntry **' is not assignable to type 'CArcEntry *'
 --> 43_compress_templeos.HC:285:11
     |
 285 |          tmp1=&c->hash[lastcode];
     |              ^^^^^^^^^^^^^^^^^^^^
warning: Incompatible types 'CArcCompress *' is not assignable to type 'U8 *'
 --> 43_compress_templeos.HC:318:17
     |
 318 |          c->src_buf=arc;
     |                    ^^^^^
Test - TempleOS LZW compress/decompress: [0;32mPASSED: 2/2[0;0m
====
Test - F32 (single precision) arithmetic:
[0;32mPASSED: 8/8[0;0m
====
Test - Global initialisers:
[0;32mPASSED: 3/3[0;0m
====
Test - alignof and struct layout:
[0;32mPASSED: 5/5[0;0m
====
Test - struct by value (C ABI):
[0;32mPASSED: 4/4[0;0m
====
Test - argument register overflow (stack spill):
[0;32mPASSED: 6/6[0;0m
====
Test - if with initialiser (`if (init; cond)`):
[0;32mPASSED: 9/9[0;0m
====
Test - float<->int conversions (all widths, signed + unsigned):
[0;32mPASSED: 6/6[0;0m
====
Test - global aggregate initialisers (class/struct + arrays):
[0;32mPASSED: 7/7[0;0m
====
Test - narrow signed integer reads sign-extend (all read paths):
[0;32mPASSED: 6/6[0;0m
====
Test - integer compare against large (shift-12) immediates:
[0;32mPASSED: 4/4[0;0m
====
Test - by-value struct/class copy and assignment:
[0;32mPASSED: 6/6[0;0m
====
Test - uppercase-L global symbols (Mach-O local-label escape):
[0;32mPASSED: 4/4[0;0m
====
Test - passing a global struct by value as an argument:
[0;32mPASSED: 3/3[0;0m
====
Test - passing a struct field (p->field) by value:
[0;32mPASSED: 3/3[0;0m
====
Testing if else
[0;32mPASSED: 4/4[0;0m
=====
Test - returning a struct by value (C ABI):
[0;32mPASSED: 7/7[0;0m
====
Test - &ptr[i] / &ptr[i].field on pointers to structs:
[0;32mPASSED: 4/4[0;0m
====
Test - leaf fns mixing constants with register-homed params:
[0;32mPASSED: 5/5[0;0m
====
ld: warning: ignoring duplicate libraries: '-lm'
Test - #link directive (AOT): [0;32mPASSED: 3/3[0;0m
===
Test - #ifjit / #ifaot: [0;32mPASSED: 3/3[0;0m
===
Test - typeof: [0;32mPASSED: 8/8[0;0m
===
Test - big stack frames: [0;32mPASSED: 10/10[0;0m
===
Test - indirect struct return C interop: [0;32mPASSED: 3/3[0;0m
===
Test - class inheritance (empty derived, layout, upcast): [0;32mPASSED: 7/7[0;0m
====
Repro 171 (Default function pointer arguments): [0;32mPASSED: 1/1[0;0m
====
CHECK=jit STATUS=PASS
mkdir -p ./build/test-prefix/include ./build/test-prefix/lib
cp ./src/holyc-lib/tos.HH ./build/test-prefix/include/tos.HH
cd ./src/holyc-lib && ../../hcc -lib tos --install-dir=/private/var/folders/0g/mpt_55f524ndzxymkp20wjfc0000gn/T/clinemm-sandbox-temp-6WBtsy/polyc-gate.FnccW3/build/test-prefix ./all.HC
clang: warning: argument unused during compilation: '-shared' [-Wunused-command-line-argument]
cc -shared -fPIC -c /tmp/holyc-asm.s -o ./all.o
ar: error: couldn't create cache file '/var/folders/0g/mpt_55f524ndzxymkp20wjfc0000gn/T/xcrun_db-I2mROsZN' (errno=Operation not permitted)
ar rcs libtos.a all.o
cc -dynamiclib -Wl,-install_name,/private/var/folders/0g/mpt_55f524ndzxymkp20wjfc0000gn/T/clinemm-sandbox-temp-6WBtsy/polyc-gate.FnccW3/build/test-prefix/lib/libtos.0.0.1.dylib all.o -o libtos.dylib -lpthread -lc -lm
cp -pPR ./libtos.a /private/var/folders/0g/mpt_55f524ndzxymkp20wjfc0000gn/T/clinemm-sandbox-temp-6WBtsy/polyc-gate.FnccW3/build/test-prefix/lib/libtos.a && cp -pPR ./libtos.dylib /private/var/folders/0g/mpt_55f524ndzxymkp20wjfc0000gn/T/clinemm-sandbox-temp-6WBtsy/polyc-gate.FnccW3/build/test-prefix/lib/libtos.0.0.1.dylib
cd ./src/tests/lsp && ../../../hcc --install-dir=/private/var/folders/0g/mpt_55f524ndzxymkp20wjfc0000gn/T/clinemm-sandbox-temp-6WBtsy/polyc-gate.FnccW3/build/test-prefix ./run_lsp_tests.HC -o lsp-test-runner && ./lsp-test-runner
hcc -lsp tests (/private/var/folders/0g/mpt_55f524ndzxymkp20wjfc0000gn/T/clinemm-sandbox-temp-6WBtsy/polyc-gate.FnccW3/hcc)
handshake
  [0;32mok[0;0m advertises definition/hover/completion
  [0;32mok[0;0m clean shutdown exit code
document sync
  [0;32mok[0;0m didOpen publishes exactly once
  [0;32mok[0;0m clean file has 0 diagnostics
  [0;32mok[0;0m broken file gets an error diagnostic on the right line
  [0;32mok[0;0m didClose clears diagnostics
  [0;32mok[0;0m clean shutdown
definition
  [0;32mok[0;0m function resolves into the included file
  [0;32mok[0;0m local resolves to its declaration
  [0;32mok[0;0m field resolves through the member chain
  [0;32mok[0;0m include jump: plain relative
  [0;32mok[0;0m include jump: dot-slash
  [0;32mok[0;0m include jump: subdirectory
  [0;32mok[0;0m missing include target answers null
  (skipped <tos.HH> jump: no installed stdlib)
  [0;32mok[0;0m clean shutdown
hover & completion
  [0;32mok[0;0m hover shows the function prototype
  [0;32mok[0;0m hover past end of line is null
  [0;32mok[0;0m completion is prefix-filtered
  [0;32mok[0;0m completion right after an edit sees the new symbol
  [0;32mok[0;0m member completion after `.` offers exactly the fields
  [0;32mok[0;0m member completion respects the typed prefix
  [0;32mok[0;0m member completion after `->`
  [0;32mok[0;0m member completion on an untypable receiver offers nothing
  [0;32mok[0;0m clean shutdown
debounce
  [0;32mok[0;0m keystroke storm publishes exactly once
  [0;32mok[0;0m continuous typing still publishes via the max-age cap
  [0;32mok[0;0m clean shutdown
crash survival
  [0;32mok[0;0m hostile input produces diagnostics
  [0;32mok[0;0m hover still answers after a crash storm
  [0;32mok[0;0m server survives to shut down cleanly
rename
  [0;32mok[0;0m local rename: decl + both uses in one file
  [0;32mok[0;0m global rename spans the definition file and the caller
  [0;32mok[0;0m field rename: typed uses + declaration, params spared
  [0;32mok[0;0m rename onto an existing local errors
  [0;32mok[0;0m invalid new name errors
  [0;32mok[0;0m prepareRename yields the symbol's range
  [0;32mok[0;0m prepareRename on a non-symbol is null
  (skipped stdlib rename guard: no installed stdlib)
  [0;32mok[0;0m clean shutdown
references & highlight
  [0;32mok[0;0m references: definition + call site across files
  [0;32mok[0;0m references: includeDeclaration=false drops the definition
  [0;32mok[0;0m references: field decl + typed uses, params spared
  [0;32mok[0;0m documentHighlight: all three occurrences of the local
  (skipped stdlib references: no installed stdlib)
  [0;32mok[0;0m clean shutdown
[0;32mlsp: 43/43 passed[0;0m
CHECK=lsp STATUS=PASS
POLYC_GATE_RANGE_MODE=tip
POLYC_GATE_RANGE_DESC=subject commit (tip-only)
CHECK=diff-check STATUS=PASS
VERDICT=PASS
