POLYC_GATE=factory-v2-tests

--- T1-T12 commit-msg matrix ---
  PASS  T1
  PASS  T2
  PASS  T3  (rejected as expected)
  PASS  T4  (rejected as expected)
  PASS  T5
  PASS  T6
  PASS  T7
  PASS  T8  (rejected as expected)
  PASS  T9  (rejected as expected)
  PASS  T10  (rejected as expected)
  PASS  T11  (rejected as expected)
  PASS  T12
  PASS  T12b  (rejected as expected)
  PASS  T19  (rejected as expected)
  PASS  T20  (rejected as expected)
  PASS  T21  (rejected as expected)
  PASS  T22  (rejected as expected)
  PASS  T23  (rejected as expected)
  PASS  T24  (rejected as expected)
  PASS  T25  (rejected as expected)
  PASS  T26  (rejected as expected)
  PASS  T27
  PASS  T28
  PASS  T29
  PASS  T30
  PASS  T31
  PASS  T32

--- T13-T18 range-check matrix ---
  PASS  T13  ACT=ACT-POLYC-RANGE-T13
ENTRY=2c584ba592e3a88e85e9d7083892596896551656
FIRST=a51742027bc28443f17a374db86b1fee746528d8
CLOSE=bd6cdd9a1e0e6a9107e474bfde5ee6fc2626f3a7
COMMITS=3
VERDICT=PASS
STATUS=PASS
  PASS  T14  ACT=ACT-POLYC-RANGE-T14
ENTRY=f178d99a406b142f79c2ce571d696173b8ee0286
FIRST=887e37e5f70aefa181954af409a3b68f51649315
CLOSE=957e8dfc008619efdaeb178697a2fa63e01a0346
COMMITS=5
VERDICT=PASS_WITH_NONBLOCKING_RESIDUE
STATUS=PASS
  PASS  T15  (rejected as expected)
  PASS  T16  (rejected as expected)
  PASS  T17  (rejected as expected)
  PASS  T18  (rejected as expected)
  PASS  T33  (rejected as expected)
  PASS  T34  (rejected as expected)

--- summary ---
PASS=35
FAIL=0
STATUS=PASS
