cmake -S ./src \
		-B ./build \
		-G 'Unix Makefiles' \
		-DCMAKE_C_COMPILER=cc \
		-DCMAKE_BUILD_TYPE=Release \
		-DCMAKE_INSTALL_PREFIX=/Volumes/UserData/Users/chistyakov/Projects/SPbNIX/polyc/build/recon-prefix \
		-DCMAKE_C_FLAGS='-Wextra -Wall -Wpedantic' \
		-DCMAKE_EXPORT_COMPILE_COMMANDS=on \
		-DHCC_ENABLE_JIT=on \
		&& /Library/Developer/CommandLineTools/usr/bin/make -C ./build -j2
-- The C compiler identification is AppleClang 15.0.0.15000040
-- The CXX compiler identification is AppleClang 15.0.0.15000040
-- Detecting C compiler ABI info
-- Detecting C compiler ABI info - done
-- Check for working C compiler: /usr/bin/cc - skipped
-- Detecting C compile features
-- Detecting C compile features - done
-- Detecting CXX compiler ABI info
-- Detecting CXX compiler ABI info - done
-- Check for working CXX compiler: /usr/bin/c++ - skipped
-- Detecting CXX compile features
-- Detecting CXX compile features - done
-- Performing Test CMAKE_HAVE_LIBC_PTHREAD
-- Performing Test CMAKE_HAVE_LIBC_PTHREAD - Success
-- Found Threads: TRUE
-- Configuring done (0.7s)
-- Generating done (0.0s)
-- Build files have been written to: /Volumes/UserData/Users/chistyakov/Projects/SPbNIX/polyc/build
[  4%] Building C object asm/CMakeFiles/tasm.dir/asm.c.o
[  4%] Building C object asm/CMakeFiles/tasm.dir/asm_enc.c.o
[  6%] Building C object asm/CMakeFiles/tasm.dir/asm_jit.c.o
[  8%] Building C object asm/CMakeFiles/tasm.dir/dis_arm64.c.o
[ 10%] Building C object asm/CMakeFiles/tasm.dir/dis_x86_64.c.o
[ 12%] Building C object asm/CMakeFiles/tasm.dir/enc_arm64.c.o
[ 14%] Building C object asm/CMakeFiles/tasm.dir/enc_x86_64.c.o
[ 16%] Building C object asm/CMakeFiles/tasm.dir/target.c.o
[ 18%] Building C object asm/CMakeFiles/tasm.dir/tasm_debug.c.o
[ 20%] Building C object asm/CMakeFiles/tasm.dir/tasm_util.c.o
[ 22%] Linking C static library libtasm.a
ar: error: couldn't create cache file '/var/folders/0g/mpt_55f524ndzxymkp20wjfc0000gn/T/xcrun_db-mi16jhUi' (errno=Operation not permitted)
ranlib: error: couldn't create cache file '/var/folders/0g/mpt_55f524ndzxymkp20wjfc0000gn/T/xcrun_db-5VIxniyE' (errno=Operation not permitted)
[ 22%] Built target tasm
[ 26%] Building C object CMakeFiles/hcc.dir/asm.c.o
[ 26%] Building C object CMakeFiles/hcc.dir/aostr.c.o
[ 28%] Building C object CMakeFiles/hcc.dir/arena.c.o
[ 30%] Building C object CMakeFiles/hcc.dir/ast.c.o
[ 32%] Building C object CMakeFiles/hcc.dir/cctrl.c.o
[ 34%] Building C object CMakeFiles/hcc.dir/cfg-print.c.o
[ 36%] Building C object CMakeFiles/hcc.dir/cfg.c.o
[ 38%] Building C object CMakeFiles/hcc.dir/cli.c.o
[ 40%] Building C object CMakeFiles/hcc.dir/containers.c.o
[ 42%] Building C object CMakeFiles/hcc.dir/compile.c.o
[ 44%] Building C object CMakeFiles/hcc.dir/aarch64.c.o
[ 46%] Building C object CMakeFiles/hcc.dir/ir.c.o
[ 48%] Building C object CMakeFiles/hcc.dir/ir-debug.c.o
[ 51%] Building C object CMakeFiles/hcc.dir/ir-eval.c.o
[ 53%] Building C object CMakeFiles/hcc.dir/ir-optimise.c.o
[ 55%] Building C object CMakeFiles/hcc.dir/ir-regalloc.c.o
[ 57%] Building C object CMakeFiles/hcc.dir/ir-types.c.o
[ 59%] Building C object CMakeFiles/hcc.dir/json.c.o
[ 61%] Building C object CMakeFiles/hcc.dir/lexer.c.o
[ 63%] Building C object CMakeFiles/hcc.dir/list.c.o
[ 65%] Building C object CMakeFiles/hcc.dir/lsp.c.o
[ 67%] Building C object CMakeFiles/hcc.dir/main.c.o
[ 69%] Building C object CMakeFiles/hcc.dir/memory.c.o
[ 71%] Building C object CMakeFiles/hcc.dir/mempool.c.o
[ 75%] Building C object CMakeFiles/hcc.dir/prsasm.c.o
[ 75%] Building C object CMakeFiles/hcc.dir/parser.c.o
[ 77%] Building C object CMakeFiles/hcc.dir/prslib.c.o
[ 79%] Building C object CMakeFiles/hcc.dir/prsutil.c.o
[ 81%] Building C object CMakeFiles/hcc.dir/transpiler.c.o
[ 83%] Building C object CMakeFiles/hcc.dir/x86.c.o
[ 85%] Building C object CMakeFiles/hcc.dir/x86_64.c.o
[ 87%] Building C object CMakeFiles/hcc.dir/jit-common.c.o
[ 89%] Building C object CMakeFiles/hcc.dir/aarch64-jit.c.o
[ 91%] Building C object CMakeFiles/hcc.dir/x86_64-jit.c.o
[ 93%] Building C object CMakeFiles/hcc.dir/repl.c.o
[ 95%] Building C object CMakeFiles/hcc.dir/memsafe.c.o
[ 97%] Building C object CMakeFiles/hcc.dir/linenoise/linenoise.c.o
[100%] Linking C executable /Volumes/UserData/Users/chistyakov/Projects/SPbNIX/polyc/hcc
[100%] Built target hcc
real 3.74
user 4.69
sys 1.35
