T01 0 1 0 3
T01 1 0 3 0
T01 STATUS=OK
CASE T01 sub=OK count=2 run2_eq=yes src_eq=yes exp_eq=yes
T02 0 1 0 5
T02 1 0 5 0
T02 STATUS=OK
CASE T02 sub=OK count=2 run2_eq=yes src_eq=yes exp_eq=yes
T03 0 2 0 5
T03 1 0 5 0
T03 STATUS=OK
CASE T03 sub=OK count=2 run2_eq=yes src_eq=yes exp_eq=yes
T04 0 1 0 3
T04 1 2 4 3
T04 2 0 7 0
T04 STATUS=OK
CASE T04 sub=OK count=3 run2_eq=yes src_eq=yes exp_eq=yes
T05 0 1 0 1
T05 1 11 1 1
T05 2 1 2 1
T05 3 13 3 1
T05 4 1 4 1
T05 5 10 5 1
T05 6 0 6 0
T05 STATUS=OK
CASE T05 sub=OK count=7 run2_eq=yes src_eq=yes exp_eq=yes
T06 0 1 0 1
T06 1 3 1 1
T06 2 1 2 1
T06 3 9 3 1
T06 4 1 4 1
T06 5 4 5 1
T06 6 0 6 0
T06 STATUS=OK
CASE T06 sub=OK count=7 run2_eq=yes src_eq=yes exp_eq=yes
T07 0 1 0 1
T07 1 7 1 1
T07 2 2 2 2
T07 3 8 4 1
T07 4 0 5 0
T07 STATUS=OK
CASE T07 sub=OK count=5 run2_eq=yes src_eq=yes exp_eq=yes
T08 0 5 0 1
T08 1 1 1 1
T08 2 15 2 1
T08 3 2 3 1
T08 4 10 4 1
T08 5 6 5 1
T08 6 0 6 0
T08 STATUS=OK
CASE T08 sub=OK count=7 run2_eq=yes src_eq=yes exp_eq=yes
T09 0 1 3 3
T09 1 0 7 0
T09 STATUS=OK
CASE T09 sub=OK count=2 run2_eq=yes src_eq=yes exp_eq=yes
T10 0 0 0 0
T10 STATUS=OK
CASE T10 sub=OK count=1 run2_eq=yes src_eq=yes exp_eq=yes
T11 0 1 0 3
T11 STATUS=UNSUP
CASE T11 sub=UNSUP count=1 run2_eq=yes src_eq=yes exp_eq=yes
T12 0 1 0 2
T12 1 1 3 2
T12 STATUS=FULL
CASE T12 sub=FULL count=2 run2_eq=yes src_eq=yes exp_eq=yes
T13 0 1 0 3
T13 1 0 3 0
T13 STATUS=OK
CASE T13 sub=OK count=2 run2_eq=yes src_eq=yes exp_eq=yes
T14 0 1 0 60
T14 1 0 60 0
T14 STATUS=OK
CASE T14 sub=OK count=2 run2_eq=yes src_eq=yes exp_eq=yes
NC8 STATUS=FULL
CASE NC8 sub=FULL count=0 run2_eq=yes src_eq=yes exp_eq=yes
BOOTSTRAP01_CASES=15
BOOTSTRAP01_RUNS=30
BOOTSTRAP01_PASS=15
BOOTSTRAP01_FAIL=0
STATUS=PASS
